// Jest Snapshot v1, https://goo.gl/fbAQLP

exports[`component renders 1`] = `
<div
  className="row"
>
  <div
    className="col-lg-12"
  >
    <button
      className="btn btn-block btn-outline-dark"
      onClick={[Function]}
    >
      Scrape Medium.com Article
    </button>
    <textarea
      className="form-control"
      cols={30}
      id="result"
      name="result"
      readOnly={true}
      rows={10}
      value="..."
    />
  </div>
</div>
`;
